// Jest Snapshot v1, https://goo.gl/fbAQLP

exports[`App component renders correctly 1`] = `
<div
  className="App"
>
  <h2>
    Gift Giver
  </h2>
  <div
    className="gift-list"
  />
  <button
    className="btn-add"
    onClick={[Function]}
  >
    Add Gift
  </button>
</div>
`;
